// Jest Snapshot v1, https://goo.gl/fbAQLP

exports[`PlayerComponent should match snapshot 1`] = `
<div
  className="sc-tf5qq8-0 eAvlQw"
>
  <audio
    controls={true}
  >
    <track
      kind="captions"
    />
  </audio>
</div>
`;
