// Jest Snapshot v1, https://goo.gl/fbAQLP

exports[`should mount and match 1`] = `
<div
  className="sc-16smwuf-0 fNgXDh"
>
  <input
    aria-label="slider"
    className="sc-16smwuf-1 fAEssX"
    max={1.5}
    min={0.5}
    onChange={[Function]}
    step={0.005}
    type="range"
  />
</div>
`;
