// Jest Snapshot v1, https://goo.gl/fbAQLP

exports[`should mount and match 1`] = `
<div
  className="sc-rj4wou-0 fEeAaV"
>
  <audio
    aria-label="player"
    autoPlay={false}
    controls={true}
  >
    <track
      kind="captions"
    />
  </audio>
</div>
`;
