// Jest Snapshot v1, https://goo.gl/fbAQLP

exports[`should mount and match 1`] = `null`;
