// Jest Snapshot v1, https://goo.gl/fbAQLP

exports[`LayoutMetaComponent should match snapshot 1`] = `null`;
