// Jest Snapshot v1, https://goo.gl/fbAQLP

exports[`should mount and match 1`] = `
<form
  className="sc-z65uak-0 flHXOs"
  onSubmit={[Function]}
>
  <input
    className="sc-z65uak-1 XTjvr"
    onChange={[Function]}
    placeholder="paste link here (youtube, soundcloud)"
    type="text"
    value=""
  />
  <input
    className="sc-z65uak-2 eDUeck"
    type="submit"
    value="submit"
  />
</form>
`;
