// Jest Snapshot v1, https://goo.gl/fbAQLP

exports[`AudioTitleComponent unit testing instance should match snapshot 1`] = `
<h2
  className="sc-195iept-0 Tqshg"
>
  title
</h2>
`;
