// Jest Snapshot v1, https://goo.gl/fbAQLP

exports[`LayoutBackgroundComponent should match snapshot 1`] = `
<div
  className="sc-k4htdm-0 iLlHsq"
/>
`;
