// Jest Snapshot v1, https://goo.gl/fbAQLP

exports[`ToastComponent should match snapshot 1`] = `
<div
  className="sc-19337ie-0 htDFPP"
>
  <div
    className="Toastify"
  />
</div>
`;
