// Jest Snapshot v1, https://goo.gl/fbAQLP

exports[`should mount and match 1`] = `
<div
  className="sc-19337ie-0 htDFPP"
>
  <div
    className="Toastify"
  />
</div>
`;
