// Jest Snapshot v1, https://goo.gl/fbAQLP

exports[`should mount and match 1`] = `
<div
  className="sc-1bnwvve-0 einlyy"
>
  <input
    aria-label="slider"
    className="sc-1bnwvve-1 dUGNOc"
    max={1.5}
    min={0.5}
    onChange={[Function]}
    step={0.005}
    type="range"
    value={1}
  />
</div>
`;
